[static.laralink.com/html/sattiyas/shop.html]
[backblue.gif]
[fade.gif]
[index.html]
[static.laralink.com/html/sattiyas/assets/img/FAVICON.svg]
[static.laralink.com/html/sattiyas/assets/css/bootstrap.min.css]
[static.laralink.com/html/sattiyas/assets/css/fontawesome.min.css]
[static.laralink.com/html/sattiyas/assets/css/slick.css]
[static.laralink.com/html/sattiyas/assets/css/jquery-ui.min.css]
[static.laralink.com/html/sattiyas/assets/css/animated-headline.css]
[static.laralink.com/html/sattiyas/assets/css/style.css]
[static.laralink.com/html/sattiyas/about.html]
[static.laralink.com/html/sattiyas/index.html]
[static.laralink.com/html/sattiyas/assets/img/logo.svg]
[static.laralink.com/html/sattiyas/home-v2.html]
[static.laralink.com/html/sattiyas/home-v3.html]
[static.laralink.com/html/sattiyas/shop_sidebar.html]
[static.laralink.com/html/sattiyas/product_details.html]
[static.laralink.com/html/sattiyas/blog.html]
[static.laralink.com/html/sattiyas/blog_details.html]
[static.laralink.com/html/sattiyas/cart.html]
[static.laralink.com/html/sattiyas/checkout.html]
[static.laralink.com/html/sattiyas/success.html]
[static.laralink.com/html/sattiyas/wishlist.html]
[static.laralink.com/html/sattiyas/contact.html]
[static.laralink.com/html/sattiyas/assets/img/shop_bg.jpg]
[static.laralink.com/html/sattiyas/assets/img/product1.png]
[static.laralink.com/html/sattiyas/assets/img/product2.png]
[static.laralink.com/html/sattiyas/assets/img/product3.png]
[static.laralink.com/html/sattiyas/assets/img/product26.png]
[static.laralink.com/html/sattiyas/assets/img/product4.png]
[static.laralink.com/html/sattiyas/assets/img/product5.png]
[static.laralink.com/html/sattiyas/assets/img/product6.png]
[static.laralink.com/html/sattiyas/assets/img/product7.png]
[static.laralink.com/html/sattiyas/assets/img/product27.png]
[static.laralink.com/html/sattiyas/assets/img/product16.png]
[static.laralink.com/html/sattiyas/assets/img/product28.png]
[static.laralink.com/html/sattiyas/assets/img/product8.png]
[static.laralink.com/html/sattiyas/assets/img/product9.png]
[static.laralink.com/html/sattiyas/assets/img/product10.png]
[static.laralink.com/html/sattiyas/assets/img/product11.png]
[static.laralink.com/html/sattiyas/assets/img/logo_dark.svg]
[static.laralink.com/html/sattiyas/assets/img/payment_method.svg]
[static.laralink.com/cdn-cgi/scripts/5c5dd728/cloudflare-static/email-decode.min.js]
[static.laralink.com/html/sattiyas/assets/js/jquery-3.6.0.min.js]
[static.laralink.com/html/sattiyas/assets/js/jquery.slick.min.js]
[static.laralink.com/html/sattiyas/assets/js/isotope.pkg.min.js]
[static.laralink.com/html/sattiyas/assets/js/jquery-ui.min.js]
[static.laralink.com/html/sattiyas/assets/js/animated-headline.js]
[static.laralink.com/html/sattiyas/shop.html]
[static.laralink.com/html/sattiyas/assets/img/FAVICON.svg]
[static.laralink.com/html/sattiyas/assets/css/bootstrap.min.css]
[static.laralink.com/html/sattiyas/assets/js/main.js]
[static.laralink.com/html/sattiyas/assets/webfonts/fa-brands-400.woff2]
[static.laralink.com/html/sattiyas/assets/webfonts/fa-brands-400.ttf]
[static.laralink.com/html/sattiyas/assets/webfonts/fa-regular-400.woff2]
[static.laralink.com/html/sattiyas/assets/webfonts/fa-regular-400.ttf]
[static.laralink.com/html/sattiyas/assets/webfonts/fa-solid-900.woff2]
[static.laralink.com/html/sattiyas/assets/webfonts/fa-solid-900.ttf]
[static.laralink.com/html/sattiyas/assets/webfonts/fa-v4compatibility.woff2]
[static.laralink.com/html/sattiyas/assets/webfonts/fa-v4compatibility.ttf]
[static.laralink.com/html/sattiyas/assets/css/fontawesome.min.css]
[static.laralink.com/html/sattiyas/assets/css/slick.css]
[static.laralink.com/html/sattiyas/assets/css/img/ui-icons_444444_256x240.png]
[static.laralink.com/html/sattiyas/assets/css/img/ui-icons_555555_256x240.png]
[static.laralink.com/html/sattiyas/assets/css/img/ui-icons_ffffff_256x240.png]
[static.laralink.com/html/sattiyas/assets/css/img/ui-icons_777620_256x240.png]
[static.laralink.com/html/sattiyas/assets/css/img/ui-icons_cc0000_256x240.png]
[static.laralink.com/html/sattiyas/assets/css/img/ui-icons_777777_256x240.png]
[static.laralink.com/html/sattiyas/assets/css/jquery-ui.min.css]
[static.laralink.com/html/sattiyas/assets/css/animated-headline.css]
[static.laralink.com/html/sattiyas/assets/css/style.css]
[static.laralink.com/html/sattiyas/assets/img/about_bg.jpg]
[static.laralink.com/html/sattiyas/assets/img/card4.jpg]
[static.laralink.com/html/sattiyas/assets/img/video.jpg]
[static.laralink.com/html/sattiyas/assets/img/user.png]
[static.laralink.com/html/sattiyas/assets/img/user2.png]
[static.laralink.com/html/sattiyas/assets/img/user3.png]
[static.laralink.com/html/sattiyas/about.html]
[static.laralink.com/html/sattiyas/assets/img/hero1.jpg]
[static.laralink.com/html/sattiyas/assets/img/hero3.jpg]
[static.laralink.com/html/sattiyas/assets/img/hero4.jpg]
[static.laralink.com/html/sattiyas/assets/img/men.jpg]
[static.laralink.com/html/sattiyas/assets/img/women.jpg]
[static.laralink.com/html/sattiyas/assets/img/children.jpg]
[static.laralink.com/html/sattiyas/assets/img/card1.jpg]
[static.laralink.com/html/sattiyas/assets/img/brand_1.svg]
[static.laralink.com/html/sattiyas/assets/img/brand_2.svg]
[static.laralink.com/html/sattiyas/assets/img/brand_3.svg]
[static.laralink.com/html/sattiyas/assets/img/brand_4.svg]
[static.laralink.com/html/sattiyas/assets/img/brand_5.svg]
[static.laralink.com/html/sattiyas/assets/img/card2.jpg]
[static.laralink.com/html/sattiyas/assets/img/product12.png]
[static.laralink.com/html/sattiyas/assets/img/product13.png]
[static.laralink.com/html/sattiyas/assets/img/product14.png]
[static.laralink.com/html/sattiyas/assets/img/product15.png]
[static.laralink.com/html/sattiyas/assets/img/newsletter.jpg]
[static.laralink.com/html/sattiyas/assets/img/instagram_1.jpg]
[static.laralink.com/html/sattiyas/assets/img/instagram_2.jpg]
[static.laralink.com/html/sattiyas/assets/img/instagram_3.jpg]
[static.laralink.com/html/sattiyas/assets/img/instagram_4.jpg]
[static.laralink.com/html/sattiyas/assets/img/instagram_5.jpg]
[static.laralink.com/html/sattiyas/assets/img/instagram_6.jpg]
[static.laralink.com/html/sattiyas/index.html]
[static.laralink.com/html/sattiyas/assets/img/logo.svg]
[static.laralink.com/html/sattiyas/assets/img/hero2.jpg]
[static.laralink.com/html/sattiyas/assets/img/animated_text.png]
[static.laralink.com/html/sattiyas/assets/img/hero5.jpg]
[static.laralink.com/html/sattiyas/assets/img/hero6.jpg]
[static.laralink.com/html/sattiyas/assets/img/men2.jpg]
[static.laralink.com/html/sattiyas/assets/img/women2.jpg]
[static.laralink.com/html/sattiyas/assets/img/kid1.jpg]
[static.laralink.com/html/sattiyas/assets/img/children2.jpg]
[static.laralink.com/html/sattiyas/assets/img/card3.jpg]
[static.laralink.com/html/sattiyas/assets/img/post1.jpg]
[static.laralink.com/html/sattiyas/assets/img/post2.jpg]
[static.laralink.com/html/sattiyas/assets/img/post3.jpg]
[static.laralink.com/html/sattiyas/assets/img/payment_method_1.png]
[static.laralink.com/html/sattiyas/home-v2.html]
[static.laralink.com/html/sattiyas/assets/img/hero7.png]
[static.laralink.com/html/sattiyas/assets/img/hero_shape.svg]
[static.laralink.com/html/sattiyas/assets/img/gold.png]
[static.laralink.com/html/sattiyas/assets/img/diamond.png]
[static.laralink.com/html/sattiyas/assets/img/platinum.png]
[static.laralink.com/html/sattiyas/assets/img/product17.png]
[static.laralink.com/html/sattiyas/assets/img/product18.png]
[static.laralink.com/html/sattiyas/assets/img/product19.png]
[static.laralink.com/html/sattiyas/assets/img/product20.png]
[static.laralink.com/html/sattiyas/assets/img/product21.png]
[static.laralink.com/html/sattiyas/assets/img/product22.png]
[static.laralink.com/html/sattiyas/assets/img/banner1.jpg]
[static.laralink.com/html/sattiyas/assets/img/neckless.png]
[static.laralink.com/html/sattiyas/assets/img/product23.png]
[static.laralink.com/html/sattiyas/assets/img/product24.png]
[static.laralink.com/html/sattiyas/assets/img/product25.png]
[static.laralink.com/html/sattiyas/assets/img/post4.jpg]
[static.laralink.com/html/sattiyas/assets/img/news_shape1.png]
[static.laralink.com/html/sattiyas/assets/img/newsletter_bg1.svg]
[static.laralink.com/html/sattiyas/assets/img/footer_bg.jpg]
[static.laralink.com/html/sattiyas/home-v3.html]
[static.laralink.com/html/sattiyas/shop_sidebar.html]
[static.laralink.com/html/sattiyas/assets/img/thumb1.png]
[static.laralink.com/html/sattiyas/assets/img/thumb2.png]
[static.laralink.com/html/sattiyas/assets/img/thumb3.png]
[static.laralink.com/html/sattiyas/assets/img/thumb4.png]
[static.laralink.com/html/sattiyas/assets/img/thumb1_lg.png]
[static.laralink.com/html/sattiyas/assets/img/thumb2_lg.png]
[static.laralink.com/html/sattiyas/assets/img/thumb3_lg.png]
[static.laralink.com/html/sattiyas/assets/img/thumb4_lg.png]
[static.laralink.com/html/sattiyas/assets/img/avatar.png]
[static.laralink.com/html/sattiyas/product_details.html]
[static.laralink.com/html/sattiyas/assets/img/post5.jpg]
[static.laralink.com/html/sattiyas/assets/img/post6.jpg]
[static.laralink.com/html/sattiyas/assets/img/post7.jpg]
[static.laralink.com/html/sattiyas/assets/img/lpost1.jpg]
[static.laralink.com/html/sattiyas/assets/img/lpost2.jpg]
[static.laralink.com/html/sattiyas/assets/img/lpost3.jpg]
[static.laralink.com/html/sattiyas/blog.html]
[static.laralink.com/html/sattiyas/assets/img/post_details.jpg]
[static.laralink.com/html/sattiyas/assets/img/author.png]
[static.laralink.com/html/sattiyas/blog_details.html]
[static.laralink.com/html/sattiyas/assets/img/cart-product-1.jpg]
[static.laralink.com/html/sattiyas/assets/img/cart-product-2.jpg]
[static.laralink.com/html/sattiyas/cart.html]
[static.laralink.com/html/sattiyas/checkout.html]
[static.laralink.com/html/sattiyas/success.html]
[static.laralink.com/html/sattiyas/assets/img/cart-product-3.jpg]
[static.laralink.com/html/sattiyas/wishlist.html]
[static.laralink.com/html/sattiyas/contact.html]
[static.laralink.com/html/sattiyas/assets/img/logo_dark.svg]
[static.laralink.com/html/sattiyas/assets/img/payment_method.svg]
[static.laralink.com/html/sattiyas/assets/css/img/ui-icons_444444_256x240.html]
[static.laralink.com/html/sattiyas/assets/css/img/ui-icons_555555_256x240.html]
[static.laralink.com/html/sattiyas/assets/css/img/ui-icons_ffffff_256x240.html]
[static.laralink.com/html/sattiyas/assets/css/img/ui-icons_777620_256x240.html]
[static.laralink.com/html/sattiyas/assets/css/img/ui-icons_cc0000_256x240.html]
[static.laralink.com/html/sattiyas/assets/css/img/ui-icons_777777_256x240.html]
[static.laralink.com/html/sattiyas/assets/img/brand_1.svg]
[static.laralink.com/html/sattiyas/assets/img/brand_2.svg]
[static.laralink.com/html/sattiyas/assets/img/brand_3.svg]
[static.laralink.com/html/sattiyas/assets/img/brand_4.svg]
[static.laralink.com/html/sattiyas/assets/img/brand_5.svg]
[static.laralink.com/html/sattiyas/assets/img/hero_shape.svg]
[static.laralink.com/html/sattiyas/assets/img/newsletter_bg1.svg]
